// Jest Snapshot v1, https://goo.gl/fbAQLP

exports[`must insert at beginning of list 1`] = `
Immutable.List [
  100,
  101,
  102,
  0,
  1,
  2,
  3,
  4,
]
`;

exports[`must insert at end of list 1`] = `
Immutable.List [
  0,
  1,
  2,
  3,
  4,
  100,
  101,
  102,
]
`;

exports[`must insert within a list 1`] = `
Immutable.List [
  0,
  1,
  2,
  100,
  101,
  102,
  3,
  4,
]
`;
