// Jest Snapshot v1, https://goo.gl/fbAQLP

exports[`must strip all carriage returns 1`] = `"test"`;

exports[`must strip leading carriage returns 1`] = `"test"`;

exports[`must strip trailing carriage returns 1`] = `"test"`;

exports[`must strip two trailing carriage returns 1`] = `"test"`;

exports[`must strip within carriage returns 1`] = `"test"`;
